// Jest Snapshot v1, https://goo.gl/fbAQLP

exports[`<App /> shallow renders correctly shallow renders 1`] = `
<div
  className="App"
>
  <h1>
    Jest Sandbox
  </h1>
  <div
    className="day"
    id="page-wrapper"
  >
    <button
      className="switch"
      onClick={[Function]}
    >
      Switch
    </button>
  </div>
</div>
`;
